[     410ms] [LOG] [Transcend] env: prod @ https://www.upwork.com/resources/how-to-create-a-proposal-that-wins-jobs:174
[     410ms] [LOG] [Transcend] oauth token present: false @ https://www.upwork.com/resources/how-to-create-a-proposal-that-wins-jobs:174
[     410ms] [LOG] [Transcend] mode: ANONYMOUS (no oauth token) @ https://www.upwork.com/resources/how-to-create-a-proposal-that-wins-jobs:174
[     411ms] [LOG] [Transcend] Injecting SDK: https://transcend-cdn.com/cm/76b6554e-5f7f-4e24-a8d7-d33804a56e9b/airgap.js @ https://www.upwork.com/resources/how-to-create-a-proposal-that-wins-jobs:174
[     467ms] [WARNING] <link rel=preload> must have a valid `as` value @ https://www.upwork.com/resources/how-to-create-a-proposal-that-wins-jobs:682
[    1922ms] ReferenceError: Prism is not defined
    at https://www.upwork.com/resources/how-to-create-a-proposal-that-wins-jobs:2611:3
[    2771ms] [LOG] false @ https://www.upwork.com/resources/how-to-create-a-proposal-that-wins-jobs:2072
[    2784ms] [LOG] 9 @ https://www.upwork.com/resources/how-to-create-a-proposal-that-wins-jobs:2684
[    2801ms] [WARNING] [WF/Statsig] suitTracker not found. Will retry up to 10 times... @ https://assets-staging.static-upwork.com/webflow/assets/webflow-statsig-plugin/release/js/app.js:0
[    3758ms] [WARNING] %cairgap.js%c Report-only mode enabled font-size:larger;font-weight:bold;border-radius:0.25em;padding:0.08em 0.25em;;color:amber;background-color:#6e3e00  @ https://transcend-cdn.com/cm/76b6554e-5f7f-4e24-a8d7-d33804a56e9b/airgap.js:5
[    3832ms] [LOG] [Transcend] SDK loaded: https://transcend-cdn.com/cm/76b6554e-5f7f-4e24-a8d7-d33804a56e9b/airgap.js @ https://www.upwork.com/resources/how-to-create-a-proposal-that-wins-jobs:174
[    4585ms] [LOG] TypeError: Cannot read properties of null (reading 'getUid')
    at e (<anonymous>:1:355)
    at <anonymous>:2:1
    at <anonymous>:2:368
    at https://www.googletagmanager.com/gtm.js?id=GTM-WNVF2RB:1038:429
    at https://www.googletagmanager.com/gtm.js?id=GTM-WNVF2RB:1039:132
    at dT (https://www.googletagmanager.com/gtm.js?id=GTM-WNVF2RB:1040:31)
    at Md.cT (https://www.googletagmanager.com/gtm.js?id=GTM-WNVF2RB:1037:92)
    at Md.<anonymous> (https://www.googletagmanager.com/gtm.js?id=GTM-WNVF2RB:420:187)
    at l.apply (https://www.googletagmanager.com/gtm.js?id=GTM-WNVF2RB:341:465)
    at gb (https://www.googletagmanager.com/gtm.js?id=GTM-WNVF2RB:304:711) @ :0
[    4587ms] [LOG] TypeError: Cannot read properties of null (reading 'getUid')
    at e (<anonymous>:1:355)
    at <anonymous>:2:20
    at <anonymous>:2:368
    at https://www.googletagmanager.com/gtm.js?id=GTM-WNVF2RB:1038:429
    at https://www.googletagmanager.com/gtm.js?id=GTM-WNVF2RB:1039:132
    at dT (https://www.googletagmanager.com/gtm.js?id=GTM-WNVF2RB:1040:31)
    at Md.cT (https://www.googletagmanager.com/gtm.js?id=GTM-WNVF2RB:1037:92)
    at Md.<anonymous> (https://www.googletagmanager.com/gtm.js?id=GTM-WNVF2RB:420:187)
    at l.apply (https://www.googletagmanager.com/gtm.js?id=GTM-WNVF2RB:341:465)
    at gb (https://www.googletagmanager.com/gtm.js?id=GTM-WNVF2RB:304:711) @ :0
[    7283ms] [ERROR] Failed to load resource: net::ERR_FAILED @ chrome-extension://invalid/:0
[    9190ms] [WARNING] [Meta Pixel] - Invalid parameter format for currency. Please refer https://developers.facebook.com/docs/meta-pixel/reference/ for valid parameter specifications. @ https://connect.facebook.net/en_US/fbevents.js:193
