[    3210ms] [WARNING] [PostHog.js] You have already initialized PostHog! Re-initializing is a no-op @ https://us-assets.i.posthog.com/static/array.js:0
[   10725ms] [WARNING] Multiple versions of FeatureGateClients found on the current page.
      The currently bound version is 5.7.0 when module version 5.8.0 was loading. @ https://cdn.loom.com/assets/js/vendor-65-4166d5c46c36e44a.js:4
[   10855ms] [WARNING] No storage available for session. We will not send any data. @ https://cdn.loom.com/assets/js/vendor-198-0a54f1a90b7f3dfe.js:0
[   10900ms] [WARNING] {msg: An error has occurred checking the feature gate. Only the first occurrence of this error is logged., gateName: use_frontend_feature_encoding_sdk_platform, error: Error: Client must be initialized before using this method
    at e.value (https://cdn.loom.com/ass…} @ https://cdn.loom.com/assets/js/vendor-281-5a74e9b2a992788d.js:11
[   11624ms] [ERROR] Failed to load resource: net::ERR_FAILED @ chrome-extension://invalid/:0
[   12468ms] [WARNING]   WARN  [Statsig] The user does not have the required id_type "loomUserId" for Gate "enable_atlassian_feature_flag_short_circuit" @ https://cdn.loom.com/assets/js/vendor-281-5a74e9b2a992788d.js:11
[   12470ms] [WARNING]   WARN  [Statsig] The user does not have the required id_type "loomUserId" for Gate "rollout-limit-business-creator-lite" @ https://cdn.loom.com/assets/js/vendor-281-5a74e9b2a992788d.js:11
[   12472ms] [WARNING]   WARN  [Statsig] The user does not have the required id_type "loomUserId" for Gate "share_page_upload_animation" @ https://cdn.loom.com/assets/js/vendor-281-5a74e9b2a992788d.js:11
[   12489ms] [WARNING]   WARN  [Statsig] The user does not have the required id_type "loomUserId" for Gate "ai-edit-disclosure-badge" @ https://cdn.loom.com/assets/js/vendor-281-5a74e9b2a992788d.js:11
[   12548ms] [WARNING]   WARN  [Statsig] The user does not have the required id_type "loomWorkspaceId" for Gate "loom-use-tdp-os-seek-preview-signed-urls" @ https://cdn.loom.com/assets/js/vendor-281-5a74e9b2a992788d.js:11
[   12566ms] [WARNING]   WARN  [Statsig] The user does not have the required id_type "loomUserId" for Gate "enable-dev-tools" @ https://cdn.loom.com/assets/js/vendor-281-5a74e9b2a992788d.js:11
[   12570ms] [WARNING]   WARN  [Statsig] The user does not have the required id_type "loomUserId" for Gate "minimum_web_app_version" @ https://cdn.loom.com/assets/js/vendor-281-5a74e9b2a992788d.js:11
[   12572ms] [WARNING]   WARN  [Statsig] The user does not have the required id_type "loomUserId" for Gate "mwav_periodic_bad_builds_check" @ https://cdn.loom.com/assets/js/vendor-281-5a74e9b2a992788d.js:11
[   12794ms] [ERROR] Failed to load resource: net::ERR_FAILED @ chrome-extension://invalid/:0
[   88586ms] [ERROR] Failed to load resource: the server responded with a status of 401 () @ https://www.perplexity.ai/rest/pins?limit=50&version=2.18&source=default:0
[   88769ms] [ERROR] Failed to load resource: the server responded with a status of 404 () @ https://www.perplexity.ai/rest/event/analytics/probe:0
[   88810ms] [WARNING] The powerPreference option is currently ignored when calling requestAdapter() on Windows. See https://crbug.com/369219127 @ :0
[   88838ms] [WARNING] The powerPreference option is currently ignored when calling requestAdapter() on Windows. See https://crbug.com/369219127 @ :0
[   88874ms] [WARNING] No available adapters. @ https://count.perplexity.ai/bs#5aa883cd-2a28-4690-bd18-ba12e4a2197b:0
[   89173ms] [ERROR] Access to script at 'https://perplexity-ai.cloudflareaccess.com/cdn-cgi/access/login/pplx-next-static-public.perplexity.ai?kid=10cf053f9ad67f99b8e50476420ebedcbf95828e029c66575f4893be97b04930&meta=eyJ0eXAiOiJKV1QiLCJhbGciOiJSUzI1NiIsImtpZCI6ImVkNjBjYWU3OThkZTMyNWI1NTNmOWIzZGE0NDFiMzk1ODNiNjgyZmY3MzQzNzhiYjk2MzMzODUyNzFiNzNmMTIifQ.eyJ0eXBlIjoibWV0YSIsImF1ZCI6IjEwY2YwNTNmOWFkNjdmOTliOGU1MDQ3NjQyMGViZWRjYmY5NTgyOGUwMjljNjY1NzVmNDg5M2JlOTdiMDQ5MzAiLCJob3N0bmFtZSI6InBwbHgtbmV4dC1zdGF0aWMtcHVibGljLnBlcnBsZXhpdHkuYWkiLCJyZWRpcmVjdF91cmwiOiIvX3NwYS9hc3NldHMvX3Jlc3RyaWN0ZWQvcmVzdHJpY3RlZC1mZWF0dXJlLWxvYWRlci1DaXo2dWpDTS5qcyIsInNlcnZpY2VfdG9rZW5fc3RhdHVzIjpmYWxzZSwiaXNfd2FycCI6ZmFsc2UsImlzX2dhdGV3YXkiOmZhbHNlLCJleHAiOjE3ODYwNTEzNzAsIm5iZiI6MTc4NjA1MTA3MCwiaWF0IjoxNzg2MDUxMDcwLCJhdXRoX3N0YXR1cyI6Ik5PTkUiLCJtdGxzX2F1dGgiOnsiY2VydF9pc3N1ZXJfZG4iOiIiLCJjZXJ0X3NlcmlhbCI6IiIsImNlcnRfaXNzdWVyX3NraSI6IiIsImNlcnRfcHJlc2VudGVkIjpmYWxzZSwiY29tbW9uX25hbWUiOiIiLCJhdXRoX3N0YXR1cyI6Ik5PTkUifSwicmVhbF9jb3VudHJ5IjoiQkoiLCJhcHBfc2Vzc2lvbl9oYXNoIjoiNzQ0MzE0MDM1MjhjNGQ3OTIxMDgzNmVjNjRkMTFjNTRlNDA0NjA1YzFkN2RlYjQ4YzZiYjhjYzFmMWJlNjlhNCJ9.GQynQbtu8j6FUJ0R0CNA2Ml0VqHLMuAdimCJcnojAkhUMPiSQzMe52yX-9XwWhtjw1OqrigysHhHRLzmnvEHvrwPWGJoD80UXYIc2SatT2SBLFJHGHjgOP_Mzdefx17nyra-PqETFvT0pAmflxjehDjksh-5xaRImhUUBN_j5wZOWTVDc-fmAakx3_2qMkMV7Zhv3Cs-RKj6Q2FQliprNHtEquqYm3nwpFjpLnNRM3h22g-O-pxpWDPUGxwWsK6towqnaAo-3lxuodc_3YnRtPE-2dElEVfzwp9-JfztAEtmsFEJhEIu6PqARtAbXqXe7uW31GKhAuOaOKXc44Bfiw&redirect_url=%2F_spa%2Fassets%2F_restricted%2Frestricted-feature-loader-Ciz6ujCM.js' (redirected from 'https://pplx-next-static-public.perplexity.ai/_spa/assets/_restricted/restricted-feature-loader-Ciz6ujCM.js') from origin 'https://www.perplexity.ai' has been blocked by CORS policy: No 'Access-Control-Allow-Origin' header is present on the requested resource. @ https://www.perplexity.ai/:0
[   89173ms] [ERROR] Failed to load resource: net::ERR_FAILED @ https://perplexity-ai.cloudflareaccess.com/cdn-cgi/access/login/pplx-next-static-public.perplexity.ai?kid=10cf053f9ad67f99b8e50476420ebedcbf95828e029c66575f4893be97b04930&meta=eyJ0eXAiOiJKV1QiLCJhbGciOiJSUzI1NiIsImtpZCI6ImVkNjBjYWU3OThkZTMyNWI1NTNmOWIzZGE0NDFiMzk1ODNiNjgyZmY3MzQzNzhiYjk2MzMzODUyNzFiNzNmMTIifQ.eyJ0eXBlIjoibWV0YSIsImF1ZCI6IjEwY2YwNTNmOWFkNjdmOTliOGU1MDQ3NjQyMGViZWRjYmY5NTgyOGUwMjljNjY1NzVmNDg5M2JlOTdiMDQ5MzAiLCJob3N0bmFtZSI6InBwbHgtbmV4dC1zdGF0aWMtcHVibGljLnBlcnBsZXhpdHkuYWkiLCJyZWRpcmVjdF91cmwiOiIvX3NwYS9hc3NldHMvX3Jlc3RyaWN0ZWQvcmVzdHJpY3RlZC1mZWF0dXJlLWxvYWRlci1DaXo2dWpDTS5qcyIsInNlcnZpY2VfdG9rZW5fc3RhdHVzIjpmYWxzZSwiaXNfd2FycCI6ZmFsc2UsImlzX2dhdGV3YXkiOmZhbHNlLCJleHAiOjE3ODYwNTEzNzAsIm5iZiI6MTc4NjA1MTA3MCwiaWF0IjoxNzg2MDUxMDcwLCJhdXRoX3N0YXR1cyI6Ik5PTkUiLCJtdGxzX2F1dGgiOnsiY2VydF9pc3N1ZXJfZG4iOiIiLCJjZXJ0X3NlcmlhbCI6IiIsImNlcnRfaXNzdWVyX3NraSI6IiIsImNlcnRfcHJlc2VudGVkIjpmYWxzZSwiY29tbW9uX25hbWUiOiIiLCJhdXRoX3N0YXR1cyI6Ik5PTkUifSwicmVhbF9jb3VudHJ5IjoiQkoiLCJhcHBfc2Vzc2lvbl9oYXNoIjoiNzQ0MzE0MDM1MjhjNGQ3OTIxMDgzNmVjNjRkMTFjNTRlNDA0NjA1YzFkN2RlYjQ4YzZiYjhjYzFmMWJlNjlhNCJ9.GQynQbtu8j6FUJ0R0CNA2Ml0VqHLMuAdimCJcnojAkhUMPiSQzMe52yX-9XwWhtjw1OqrigysHhHRLzmnvEHvrwPWGJoD80UXYIc2SatT2SBLFJHGHjgOP_Mzdefx17nyra-PqETFvT0pAmflxjehDjksh-5xaRImhUUBN_j5wZOWTVDc-fmAakx3_2qMkMV7Zhv3Cs-RKj6Q2FQliprNHtEquqYm3nwpFjpLnNRM3h22g-O-pxpWDPUGxwWsK6towqnaAo-3lxuodc_3YnRtPE-2dElEVfzwp9-JfztAEtmsFEJhEIu6PqARtAbXqXe7uW31GKhAuOaOKXc44Bfiw&redirect_url=%2F_spa%2Fassets%2F_restricted%2Frestricted-feature-loader-Ciz6ujCM.js:0
[   89592ms] [ERROR] Not signed in with the identity provider. @ https://www.perplexity.ai/:0
[   89868ms] [ERROR] Failed to load resource: the server responded with a status of 401 () @ https://www.perplexity.ai/rest/sse/computer/memory/digest-settings?version=2.18&source=default:0
[   99300ms] [ERROR] [GSI_LOGGER]: FedCM get() rejects with NetworkError: Error retrieving a token. @ https://pplx-next-static-public.perplexity.ai/_spa/assets/vendors-jonHID_u.js:4
[  118227ms] [ERROR] Failed to load resource: the server responded with a status of 401 () @ https://www.perplexity.ai/rest/sse/recent_thread_updates:0
[  118516ms] [ERROR] Failed to load resource: the server responded with a status of 401 () @ https://www.perplexity.ai/rest/billing/credits/computer-submit-gate?version=2.18&source=default:0
[  120423ms] [ERROR] Failed to load resource: the server responded with a status of 401 () @ https://www.perplexity.ai/rest/pipedream/accounts?version=2.18&source=default:0
[  124131ms] [ERROR] Failed to load resource: the server responded with a status of 401 () @ https://www.perplexity.ai/rest/billing/credits/computer-submit-gate?version=2.18&source=default:0
[  124190ms] [ERROR] Failed to load resource: the server responded with a status of 401 () @ https://www.perplexity.ai/rest/sse/recent_thread_updates:0
[  126934ms] [VERBOSE] [DOM] Password field is not contained in a form: (More info: https://goo.gl/9p2vKq) %o @ https://accounts.google.com/v3/signin/identifier?opparams=%253F&dsh=S-1506937884%3A1786051107865667&access_type=offline&client_id=60244564555-30175ip7vg79fobh0rk1sur3pdutj9l1.apps.googleusercontent.com&code_challenge=YpLjXZxqyArG9kC7nxbpw-cAZluR8MAe-th76soN5QM&code_challenge_method=S256&o2v=2&redirect_uri=https%3A%2F%2Fwww.perplexity.ai%2Fapi%2Fauth%2Fcallback%2Fgoogle&response_type=code&scope=openid+email+profile&service=lso&state=b2f04f37dad4f9d669ed833879626746927445915d18586b459478b39230b678&flowName=GeneralOAuthFlow&continue=https%3A%2F%2Faccounts.google.com%2Fsignin%2Foauth%2Fconsent%3Fauthuser%3Dunknown%26part%3DAJi8hAOekxRDqeHMPVhOzeqHOFjfJ1IoVOpFjGcB27NYRhpywZs0dPPeaPLmK7Hy_rqP279gTgdTc8QG43EjKS_Y_yi0AOOHiYU0Hr-fqQQYxgC3mYp0s4wNUwR8NMqQnIzsAospTQ7P0_F2YfQYD92t2DW-5QCOzPZcfTzkID9b8FxtTquqfYYtjPvuNzURQDV0FUEvg4XR7udwYFN-gtrsWmlG7ib1J2GbxOebEmpD-8ebRaPREmsEUao6ytt3ujFah90TonaPRwJYXNAnYu8PIuoz10xWXhs80bnjOJjuEyFrReneAlT1Xkq8nqkrzuLqf6taY_w6rTl_dIrikOIWD0cDoCUu83o0fbwoyQLdcLgD8jJF1qRLkV_DKspTSbbKk6CIsmVUTYN7L4jFinMuL_NJLwVFUXuj2KoOozytwCTiLtF1A6gfp9wLHDdCl4kP_dbNUF622sRgw-mhp1YmjUyPEooM8w%26flowName%3DGeneralOAuthFlow%26as%3DS-1506937884%253A1786051107865667%26client_id%3D60244564555-30175ip7vg79fobh0rk1sur3pdutj9l1.apps.googleusercontent.com%26requestPath%3D%252Fsignin%252Foauth%252Fconsent%23&app_domain=https%3A%2F%2Fwww.perplexity.ai&rart=ANgoxce8QgH-TGlHf__OXSzU-LtYWUpoVx_qOIBzh7a1CU0K-hV0u-I9X6Fack6InGfFQZhdOUKiF3OD4_Lng6LpMMiyspkc377R-SjpWqYm5CZs-62kSEw:0
[  126962ms] [LOG] %c%s color: red; background: yellow; font-size: 24px; AVERTISSEMENT ! @ https://www.gstatic.com/_/mss/boq-identity/_/js/k=boq-identity.AccountsSignInUi.fr.v-ojPdZSPLo.es5.O/am=EQEAAADfgB8JAPL__zcAgAEE2wHvWQBNgJABAAAAAAAAAAAWAACgEUA/d=1/excm=_b,_tp,identifierview/ed=1/dg=0/wt=2/ujg=1/rs=AOaEmlGjssL44EhEZQf3Yf9Qit_7U0k0Ug/dti=1/m=_b,_tp:553
[  126962ms] [LOG] %c%s font-size: 18px; En utilisant cette console, vous vous exposez au risque que des personnes malveillantes usurpent votre identité et volent vos informations grâce à une attaque appelée Self-XSS.
Ne saisissez pas et ne copiez pas du code que vous ne comprenez pas. @ https://www.gstatic.com/_/mss/boq-identity/_/js/k=boq-identity.AccountsSignInUi.fr.v-ojPdZSPLo.es5.O/am=EQEAAADfgB8JAPL__zcAgAEE2wHvWQBNgJABAAAAAAAAAAAWAACgEUA/d=1/excm=_b,_tp,identifierview/ed=1/dg=0/wt=2/ujg=1/rs=AOaEmlGjssL44EhEZQf3Yf9Qit_7U0k0Ug/dti=1/m=_b,_tp:553
[  141019ms] [ERROR] Access to script at 'https://perplexity-ai.cloudflareaccess.com/cdn-cgi/access/login/pplx-next-static-public.perplexity.ai?kid=10cf053f9ad67f99b8e50476420ebedcbf95828e029c66575f4893be97b04930&meta=eyJ0eXAiOiJKV1QiLCJhbGciOiJSUzI1NiIsImtpZCI6ImVkNjBjYWU3OThkZTMyNWI1NTNmOWIzZGE0NDFiMzk1ODNiNjgyZmY3MzQzNzhiYjk2MzMzODUyNzFiNzNmMTIifQ.eyJ0eXBlIjoibWV0YSIsImF1ZCI6IjEwY2YwNTNmOWFkNjdmOTliOGU1MDQ3NjQyMGViZWRjYmY5NTgyOGUwMjljNjY1NzVmNDg5M2JlOTdiMDQ5MzAiLCJob3N0bmFtZSI6InBwbHgtbmV4dC1zdGF0aWMtcHVibGljLnBlcnBsZXhpdHkuYWkiLCJyZWRpcmVjdF91cmwiOiIvX3NwYS9hc3NldHMvX3Jlc3RyaWN0ZWQvcmVzdHJpY3RlZC1mZWF0dXJlLWxvYWRlci1DaXo2dWpDTS5qcyIsInNlcnZpY2VfdG9rZW5fc3RhdHVzIjpmYWxzZSwiaXNfd2FycCI6ZmFsc2UsImlzX2dhdGV3YXkiOmZhbHNlLCJleHAiOjE3ODYwNTE0MjIsIm5iZiI6MTc4NjA1MTEyMiwiaWF0IjoxNzg2MDUxMTIyLCJhdXRoX3N0YXR1cyI6Ik5PTkUiLCJtdGxzX2F1dGgiOnsiY2VydF9pc3N1ZXJfZG4iOiIiLCJjZXJ0X3NlcmlhbCI6IiIsImNlcnRfaXNzdWVyX3NraSI6IiIsImNlcnRfcHJlc2VudGVkIjpmYWxzZSwiY29tbW9uX25hbWUiOiIiLCJhdXRoX3N0YXR1cyI6Ik5PTkUifSwicmVhbF9jb3VudHJ5IjoiQkoiLCJhcHBfc2Vzc2lvbl9oYXNoIjoiNzQ0MzE0MDM1MjhjNGQ3OTIxMDgzNmVjNjRkMTFjNTRlNDA0NjA1YzFkN2RlYjQ4YzZiYjhjYzFmMWJlNjlhNCJ9.SAtdcf54cZYCe3sKp3fFK9_C9KcWrjBV_oLFtzdoL__DF3xcDnHO9Z6Qn_7Pxout5Omxk17rkxqvV0Mg3sW7CtViAJMJon2THww_lT3yi_Cbm4fFbsVaPKy1ZHdTLOC2wF9CwySXxsoEi0nmM04Go77CFi-SipyFfxrZNKKLNjU1ZwcuKC23uES0VgoPG4lffyXcVuvCSdxXnHKt1H1wJ4XiMK0TUNcwd-8YrK2j3lIDgr9kg4cDKlJUNxInVO_mCuWPgnADZEyj-NAUdMFnXjma6KZ7S10KoizWphxWiw9hk0s-jgBI1AVfl5OdVr5TjJoaG8NjXkHmmprzNr5HMQ&redirect_url=%2F_spa%2Fassets%2F_restricted%2Frestricted-feature-loader-Ciz6ujCM.js' (redirected from 'https://pplx-next-static-public.perplexity.ai/_spa/assets/_restricted/restricted-feature-loader-Ciz6ujCM.js') from origin 'https://www.perplexity.ai' has been blocked by CORS policy: No 'Access-Control-Allow-Origin' header is present on the requested resource. @ https://www.perplexity.ai/search/93eb35fc-81f0-49f3-8549-95f3fec1e663:0
[  141019ms] [ERROR] Failed to load resource: net::ERR_FAILED @ https://perplexity-ai.cloudflareaccess.com/cdn-cgi/access/login/pplx-next-static-public.perplexity.ai?kid=10cf053f9ad67f99b8e50476420ebedcbf95828e029c66575f4893be97b04930&meta=eyJ0eXAiOiJKV1QiLCJhbGciOiJSUzI1NiIsImtpZCI6ImVkNjBjYWU3OThkZTMyNWI1NTNmOWIzZGE0NDFiMzk1ODNiNjgyZmY3MzQzNzhiYjk2MzMzODUyNzFiNzNmMTIifQ.eyJ0eXBlIjoibWV0YSIsImF1ZCI6IjEwY2YwNTNmOWFkNjdmOTliOGU1MDQ3NjQyMGViZWRjYmY5NTgyOGUwMjljNjY1NzVmNDg5M2JlOTdiMDQ5MzAiLCJob3N0bmFtZSI6InBwbHgtbmV4dC1zdGF0aWMtcHVibGljLnBlcnBsZXhpdHkuYWkiLCJyZWRpcmVjdF91cmwiOiIvX3NwYS9hc3NldHMvX3Jlc3RyaWN0ZWQvcmVzdHJpY3RlZC1mZWF0dXJlLWxvYWRlci1DaXo2dWpDTS5qcyIsInNlcnZpY2VfdG9rZW5fc3RhdHVzIjpmYWxzZSwiaXNfd2FycCI6ZmFsc2UsImlzX2dhdGV3YXkiOmZhbHNlLCJleHAiOjE3ODYwNTE0MjIsIm5iZiI6MTc4NjA1MTEyMiwiaWF0IjoxNzg2MDUxMTIyLCJhdXRoX3N0YXR1cyI6Ik5PTkUiLCJtdGxzX2F1dGgiOnsiY2VydF9pc3N1ZXJfZG4iOiIiLCJjZXJ0X3NlcmlhbCI6IiIsImNlcnRfaXNzdWVyX3NraSI6IiIsImNlcnRfcHJlc2VudGVkIjpmYWxzZSwiY29tbW9uX25hbWUiOiIiLCJhdXRoX3N0YXR1cyI6Ik5PTkUifSwicmVhbF9jb3VudHJ5IjoiQkoiLCJhcHBfc2Vzc2lvbl9oYXNoIjoiNzQ0MzE0MDM1MjhjNGQ3OTIxMDgzNmVjNjRkMTFjNTRlNDA0NjA1YzFkN2RlYjQ4YzZiYjhjYzFmMWJlNjlhNCJ9.SAtdcf54cZYCe3sKp3fFK9_C9KcWrjBV_oLFtzdoL__DF3xcDnHO9Z6Qn_7Pxout5Omxk17rkxqvV0Mg3sW7CtViAJMJon2THww_lT3yi_Cbm4fFbsVaPKy1ZHdTLOC2wF9CwySXxsoEi0nmM04Go77CFi-SipyFfxrZNKKLNjU1ZwcuKC23uES0VgoPG4lffyXcVuvCSdxXnHKt1H1wJ4XiMK0TUNcwd-8YrK2j3lIDgr9kg4cDKlJUNxInVO_mCuWPgnADZEyj-NAUdMFnXjma6KZ7S10KoizWphxWiw9hk0s-jgBI1AVfl5OdVr5TjJoaG8NjXkHmmprzNr5HMQ&redirect_url=%2F_spa%2Fassets%2F_restricted%2Frestricted-feature-loader-Ciz6ujCM.js:0
[  141135ms] [ERROR] Failed to load resource: the server responded with a status of 401 () @ https://www.perplexity.ai/rest/pins?limit=50&version=2.18&source=default:0
[  141496ms] [ERROR] Not signed in with the identity provider. @ https://www.perplexity.ai/search/93eb35fc-81f0-49f3-8549-95f3fec1e663:0
[  143992ms] [ERROR] Failed to load resource: the server responded with a status of 401 () @ https://www.perplexity.ai/rest/sse/recent_thread_updates:0
[  144055ms] [ERROR] Failed to load resource: the server responded with a status of 401 () @ https://www.perplexity.ai/rest/billing/credits/computer-submit-gate?version=2.18&source=default:0
[  145013ms] [ERROR] Failed to load resource: the server responded with a status of 401 () @ https://www.perplexity.ai/rest/billing/credits/computer-submit-gate?version=2.18&source=default:0
[  145225ms] [ERROR] Failed to load resource: the server responded with a status of 401 () @ https://www.perplexity.ai/rest/pipedream/accounts?version=2.18&source=default:0
[  146277ms] [ERROR] [GSI_LOGGER]: FedCM get() rejects with NetworkError: Error retrieving a token. @ https://pplx-next-static-public.perplexity.ai/_spa/assets/vendors-jonHID_u.js:4
[  150117ms] [ERROR] Failed to load resource: the server responded with a status of 401 () @ https://www.perplexity.ai/rest/sse/recent_thread_updates:0
[  159710ms] [ERROR] Failed to load resource: the server responded with a status of 401 () @ https://www.perplexity.ai/rest/sse/recent_thread_updates:0
[  178903ms] [ERROR] Failed to load resource: the server responded with a status of 401 () @ https://www.perplexity.ai/rest/sse/recent_thread_updates:0
[  224214ms] [ERROR] Failed to load resource: the server responded with a status of 401 () @ https://www.perplexity.ai/rest/sse/recent_thread_updates:0
[  288953ms] [ERROR] Failed to load resource: the server responded with a status of 401 () @ https://www.perplexity.ai/rest/sse/recent_thread_updates:0
[  344328ms] [ERROR] Failed to load resource: the server responded with a status of 401 () @ https://www.perplexity.ai/rest/sse/recent_thread_updates:0
[  409432ms] [ERROR] Failed to load resource: the server responded with a status of 401 () @ https://www.perplexity.ai/rest/sse/recent_thread_updates:0
[  482767ms] [ERROR] Failed to load resource: the server responded with a status of 401 () @ https://www.perplexity.ai/rest/sse/recent_thread_updates:0
[  543497ms] [ERROR] Failed to load resource: the server responded with a status of 401 () @ https://www.perplexity.ai/rest/sse/recent_thread_updates:0
[  615111ms] [ERROR] Failed to load resource: the server responded with a status of 401 () @ https://www.perplexity.ai/rest/sse/recent_thread_updates:0
[  687219ms] [ERROR] Failed to load resource: the server responded with a status of 401 () @ https://www.perplexity.ai/rest/sse/recent_thread_updates:0
[  747487ms] [ERROR] Failed to load resource: the server responded with a status of 401 () @ https://www.perplexity.ai/rest/sse/recent_thread_updates:0
[  814785ms] [ERROR] Failed to load resource: the server responded with a status of 401 () @ https://www.perplexity.ai/rest/sse/recent_thread_updates:0
[  883126ms] [ERROR] Failed to load resource: the server responded with a status of 401 () @ https://www.perplexity.ai/rest/sse/recent_thread_updates:0
[  946200ms] [ERROR] Failed to load resource: the server responded with a status of 401 () @ https://www.perplexity.ai/rest/sse/recent_thread_updates:0
[ 1009346ms] [ERROR] Failed to load resource: the server responded with a status of 401 () @ https://www.perplexity.ai/rest/sse/recent_thread_updates:0
[ 1082994ms] [ERROR] Failed to load resource: the server responded with a status of 401 () @ https://www.perplexity.ai/rest/sse/recent_thread_updates:0
[ 1147730ms] [ERROR] Failed to load resource: the server responded with a status of 401 () @ https://www.perplexity.ai/rest/sse/recent_thread_updates:0
[ 1221556ms] [ERROR] Failed to load resource: the server responded with a status of 401 () @ https://www.perplexity.ai/rest/sse/recent_thread_updates:0
[ 1285250ms] [ERROR] Failed to load resource: the server responded with a status of 401 () @ https://www.perplexity.ai/rest/sse/recent_thread_updates:0
[ 1358648ms] [ERROR] Failed to load resource: the server responded with a status of 401 () @ https://www.perplexity.ai/rest/sse/recent_thread_updates:0
[ 1430826ms] [ERROR] Failed to load resource: the server responded with a status of 401 () @ https://www.perplexity.ai/rest/sse/recent_thread_updates:0
[ 1493907ms] [ERROR] Failed to load resource: the server responded with a status of 401 () @ https://www.perplexity.ai/rest/sse/recent_thread_updates:0
[ 1553790ms] [ERROR] Failed to load resource: the server responded with a status of 401 () @ https://www.perplexity.ai/rest/sse/recent_thread_updates:0
[ 1615553ms] [ERROR] Failed to load resource: the server responded with a status of 401 () @ https://www.perplexity.ai/rest/sse/recent_thread_updates:0
[ 1683469ms] [ERROR] Failed to load resource: the server responded with a status of 401 () @ https://www.perplexity.ai/rest/sse/recent_thread_updates:0
[ 1755722ms] [ERROR] Failed to load resource: the server responded with a status of 401 () @ https://www.perplexity.ai/rest/sse/recent_thread_updates:0
[ 1816331ms] [ERROR] Failed to load resource: the server responded with a status of 401 () @ https://www.perplexity.ai/rest/sse/recent_thread_updates:0
[ 1889318ms] [ERROR] Failed to load resource: the server responded with a status of 401 () @ https://www.perplexity.ai/rest/sse/recent_thread_updates:0
[ 1941813ms] [WARNING] The powerPreference option is currently ignored when calling requestAdapter() on Windows. See https://crbug.com/369219127 @ :0
[ 1941831ms] [WARNING] The powerPreference option is currently ignored when calling requestAdapter() on Windows. See https://crbug.com/369219127 @ :0
[ 1941860ms] [WARNING] No available adapters. @ https://count.perplexity.ai/bs#5aa883cd-2a28-4690-bd18-ba12e4a2197b:0
[ 1941990ms] [ERROR] Failed to load resource: the server responded with a status of 404 () @ https://www.perplexity.ai/rest/event/analytics/probe:0
[ 1949990ms] [ERROR] Failed to load resource: the server responded with a status of 401 () @ https://www.perplexity.ai/rest/sse/recent_thread_updates:0
[ 2018983ms] [ERROR] Failed to load resource: the server responded with a status of 401 () @ https://www.perplexity.ai/rest/sse/recent_thread_updates:0
[ 2080224ms] [ERROR] Failed to load resource: the server responded with a status of 401 () @ https://www.perplexity.ai/rest/sse/recent_thread_updates:0
[ 2153893ms] [ERROR] Failed to load resource: the server responded with a status of 401 () @ https://www.perplexity.ai/rest/sse/recent_thread_updates:0
[ 2219732ms] [ERROR] Failed to load resource: the server responded with a status of 401 () @ https://www.perplexity.ai/rest/sse/recent_thread_updates:0
[ 2290049ms] [ERROR] Failed to load resource: the server responded with a status of 401 () @ https://www.perplexity.ai/rest/sse/recent_thread_updates:0
[ 2353199ms] [ERROR] Failed to load resource: the server responded with a status of 401 () @ https://www.perplexity.ai/rest/sse/recent_thread_updates:0
[ 2418744ms] [ERROR] Failed to load resource: the server responded with a status of 401 () @ https://www.perplexity.ai/rest/sse/recent_thread_updates:0
[ 2486114ms] [ERROR] Failed to load resource: the server responded with a status of 401 () @ https://www.perplexity.ai/rest/sse/recent_thread_updates:0
[ 2548642ms] [ERROR] Failed to load resource: the server responded with a status of 401 () @ https://www.perplexity.ai/rest/sse/recent_thread_updates:0
[ 2611348ms] [ERROR] Failed to load resource: the server responded with a status of 401 () @ https://www.perplexity.ai/rest/sse/recent_thread_updates:0
[ 2671363ms] [ERROR] Failed to load resource: the server responded with a status of 401 () @ https://www.perplexity.ai/rest/sse/recent_thread_updates:0
[ 2729361ms] [ERROR] Failed to load resource: the server responded with a status of 401 () @ https://www.perplexity.ai/rest/sse/recent_thread_updates:0
[ 2795536ms] [ERROR] Failed to load resource: the server responded with a status of 401 () @ https://www.perplexity.ai/rest/sse/recent_thread_updates:0
[ 2862404ms] [ERROR] Failed to load resource: the server responded with a status of 401 () @ https://www.perplexity.ai/rest/sse/recent_thread_updates:0
