[   81266ms] [ERROR] ./src/app/admin/page.tsx
Error: 
  x Unexpected token `div`. Expected jsx identifier
     ,-[C:\laragon\www\Flexwork\src\app\admin\page.tsx:215:1]
 215 |   const activeLabel = navGroups.flatMap(g => g.items).find(i => i.id === activeSection)?.label ?? "";
 216 | 
 217 |   return (
 218 |     <div className="min-h-screen bg-[#f9fafb] text-gray-900 antialiased" style={{ fontFamily: "Inter, system-ui, sans-serif" }}>
     :      ^^^
 219 |       {toast && (
 220 |         <div className="fixed bottom-4 left-1/2 -translate-x-1/2 z-[100] bg-gray-900 text-white px-4 py-2.5 rounded-full text-sm font-medium shadow-2xl flex items-center gap-2 max-w-[90vw]">
 221 |           <span className="w-2 h-2 rounded-full bg-[#FCD116] animate-pulse shrink-0" />{toast}
     `----

Caused by:
    Syntax Error

Import trace for requested module:
./src/app/admin/page.tsx @ webpack-internal:///(app-pages-browser)/./node_modules/next/dist/client/app-index.js:32
[   96307ms] [LOG] [Fast Refresh] rebuilding @ webpack-internal:///(app-pages-browser)/./node_modules/next/dist/client/components/react-dev-overlay/app/hot-reloader-client.js:186
[   96883ms] [LOG] [Fast Refresh] done in 575ms @ webpack-internal:///(app-pages-browser)/./node_modules/next/dist/client/components/react-dev-overlay/app/hot-reloader-client.js:43
[  103765ms] [ERROR] Failed to load resource: the server responded with a status of 500 (Internal Server Error) @ http://localhost:3000/admin?_rsc=1uqa8:0
[  112289ms] [INFO] %cDownload the React DevTools for a better development experience: https://reactjs.org/link/react-devtools font-weight:bold @ webpack-internal:///(app-pages-browser)/./node_modules/next/dist/compiled/react-dom/cjs/react-dom.development.js:38559
